0 verbose cli E:\nodejs\node.exe C:\Users\ADMIN\AppData\Roaming\npm\node_modules\npm\bin\npm-cli.js
1 info using npm@12.0.2
2 info using node@v24.17.0
3 silly config load:file:C:\Users\ADMIN\AppData\Roaming\npm\node_modules\npm\npmrc
4 silly config load:file:E:\Bhawa\royal-cut-saloon\.npmrc
5 silly config load:file:C:\Users\ADMIN\.npmrc
6 silly config load:file:C:\Users\ADMIN\AppData\Roaming\npm\etc\npmrc
7 verbose title npm run dev
8 verbose argv "run" "dev"
9 verbose logfile logs-max:10 dir:E:\Bhawa\royal-cut-saloon\%LOCALAPPDATA%\npm-cache\_logs\2026-09-02T01_55_41_010Z-
10 verbose logfile E:\Bhawa\royal-cut-saloon\%LOCALAPPDATA%\npm-cache\_logs\2026-09-02T01_55_41_010Z-debug-0.log
11 silly logfile done cleaning log files
12 notice run royal-cut-saloon@0.0.0 dev
13 notice run vite --port=3000 --host=0.0.0.0
14 verbose cwd E:\Bhawa\royal-cut-saloon
15 verbose os Windows_NT 10.0.26200
16 verbose node v24.17.0
17 verbose npm  v12.0.2
18 verbose exit 1
19 verbose code 1
