0 verbose cli E:\nodejs\node.exe C:\Users\ADMIN\AppData\Roaming\npm\node_modules\npm\bin\npm-cli.js
0 verbose cli E:\nodejs\node.exe C:\Users\ADMIN\AppData\Roaming\npm\node_modules\npm\bin\npm-cli.js
1 info using npm@12.0.2
1 info using npm@12.0.2
2 info using node@v24.17.0
3 silly config load:file:C:\Users\ADMIN\AppData\Roaming\npm\node_modules\npm\npmrc
2 info using node@v24.17.0
4 silly config load:file:e:\Bhawa\royal-cut-saloon\.npmrc
3 silly config load:file:C:\Users\ADMIN\AppData\Roaming\npm\node_modules\npm\npmrc
5 silly config load:file:C:\Users\ADMIN\.npmrc
4 silly config load:file:e:\Bhawa\royal-cut-saloon\.npmrc
6 silly config load:file:C:\Users\ADMIN\AppData\Roaming\npm\etc\npmrc
5 silly config load:file:C:\Users\ADMIN\.npmrc
6 silly config load:file:C:\Users\ADMIN\AppData\Roaming\npm\etc\npmrc
7 verbose title npm ls @types/react
7 verbose title npm view @types/react description dist-tags.latest homepage version time
8 verbose argv "ls" "--json" "--depth" "0" "--" "@types/react"
8 verbose argv "view" "--json" "--" "@types/react" "description" "dist-tags.latest" "homepage" "version" "time"
9 verbose logfile logs-max:10 dir:e:\Bhawa\royal-cut-saloon\%LOCALAPPDATA%\npm-cache\_logs\2026-09-02T00_22_01_914Z-
9 verbose logfile logs-max:10 dir:e:\Bhawa\royal-cut-saloon\%LOCALAPPDATA%\npm-cache\_logs\2026-09-02T00_22_01_914Z-
10 verbose logfile e:\Bhawa\royal-cut-saloon\%LOCALAPPDATA%\npm-cache\_logs\2026-09-02T00_22_01_914Z-debug-0.log
10 verbose logfile e:\Bhawa\royal-cut-saloon\%LOCALAPPDATA%\npm-cache\_logs\2026-09-02T00_22_01_914Z-debug-0.log
11 silly logfile done cleaning log files
11 silly logfile done cleaning log files
12 http fetch GET 200 https://registry.npmjs.org/@types%2freact 603ms (cache miss)
13 verbose cwd e:\Bhawa\royal-cut-saloon
14 verbose os Windows_NT 10.0.26200
15 verbose node v24.17.0
16 verbose npm  v12.0.2
17 verbose exit 0
18 info ok
12 silly packumentCache heap:2348810240 maxSize:587202560 maxEntrySize:293601280
13 verbose cwd e:\Bhawa\royal-cut-saloon
14 verbose os Windows_NT 10.0.26200
15 verbose node v24.17.0
16 verbose npm  v12.0.2
17 verbose exit 1
18 verbose code 1
