0 verbose cli E:\nodejs\node.exe C:\Users\ADMIN\AppData\Roaming\npm\node_modules\npm\bin\npm-cli.js
0 verbose cli E:\nodejs\node.exe C:\Users\ADMIN\AppData\Roaming\npm\node_modules\npm\bin\npm-cli.js
0 verbose cli E:\nodejs\node.exe C:\Users\ADMIN\AppData\Roaming\npm\node_modules\npm\bin\npm-cli.js
0 verbose cli E:\nodejs\node.exe C:\Users\ADMIN\AppData\Roaming\npm\node_modules\npm\bin\npm-cli.js
0 verbose cli E:\nodejs\node.exe C:\Users\ADMIN\AppData\Roaming\npm\node_modules\npm\bin\npm-cli.js
1 info using npm@12.0.2
1 info using npm@12.0.2
1 info using npm@12.0.2
2 info using node@v24.17.0
1 info using npm@12.0.2
0 verbose cli E:\nodejs\node.exe C:\Users\ADMIN\AppData\Roaming\npm\node_modules\npm\bin\npm-cli.js
2 info using node@v24.17.0
3 silly config load:file:C:\Users\ADMIN\AppData\Roaming\npm\node_modules\npm\npmrc
2 info using node@v24.17.0
2 info using node@v24.17.0
1 info using npm@12.0.2
4 silly config load:file:e:\Bhawa\royal-cut-saloon\.npmrc
3 silly config load:file:C:\Users\ADMIN\AppData\Roaming\npm\node_modules\npm\npmrc
3 silly config load:file:C:\Users\ADMIN\AppData\Roaming\npm\node_modules\npm\npmrc
3 silly config load:file:C:\Users\ADMIN\AppData\Roaming\npm\node_modules\npm\npmrc
5 silly config load:file:C:\Users\ADMIN\.npmrc
4 silly config load:file:e:\Bhawa\royal-cut-saloon\.npmrc
2 info using node@v24.17.0
4 silly config load:file:e:\Bhawa\royal-cut-saloon\.npmrc
4 silly config load:file:e:\Bhawa\royal-cut-saloon\.npmrc
6 silly config load:file:C:\Users\ADMIN\AppData\Roaming\npm\etc\npmrc
5 silly config load:file:C:\Users\ADMIN\.npmrc
5 silly config load:file:C:\Users\ADMIN\.npmrc
5 silly config load:file:C:\Users\ADMIN\.npmrc
3 silly config load:file:C:\Users\ADMIN\AppData\Roaming\npm\node_modules\npm\npmrc
6 silly config load:file:C:\Users\ADMIN\AppData\Roaming\npm\etc\npmrc
6 silly config load:file:C:\Users\ADMIN\AppData\Roaming\npm\etc\npmrc
6 silly config load:file:C:\Users\ADMIN\AppData\Roaming\npm\etc\npmrc
4 silly config load:file:e:\Bhawa\royal-cut-saloon\.npmrc
1 info using npm@12.0.2
5 silly config load:file:C:\Users\ADMIN\.npmrc
7 verbose title npm ls @types/canvas-confetti
6 silly config load:file:C:\Users\ADMIN\AppData\Roaming\npm\etc\npmrc
7 verbose title npm view @types/canvas-confetti description dist-tags.latest homepage version time
2 info using node@v24.17.0
7 verbose title npm ls @types/canvas-confetti
7 verbose title npm view @vitejs/plugin-react description dist-tags.latest homepage version time
3 silly config load:file:C:\Users\ADMIN\AppData\Roaming\npm\node_modules\npm\npmrc
4 silly config load:file:e:\Bhawa\royal-cut-saloon\.npmrc
8 verbose argv "ls" "--json" "--depth" "0" "--" "@types/canvas-confetti"
8 verbose argv "ls" "--json" "--depth" "0" "--" "@types/canvas-confetti"
5 silly config load:file:C:\Users\ADMIN\.npmrc
8 verbose argv "view" "--json" "--" "@types/canvas-confetti" "description" "dist-tags.latest" "homepage" "version" "time"
6 silly config load:file:C:\Users\ADMIN\AppData\Roaming\npm\etc\npmrc
9 verbose logfile logs-max:10 dir:e:\Bhawa\royal-cut-saloon\%LOCALAPPDATA%\npm-cache\_logs\2026-09-02T01_19_27_883Z-
8 verbose argv "view" "--json" "--" "@vitejs/plugin-react" "description" "dist-tags.latest" "homepage" "version" "time"
9 verbose logfile logs-max:10 dir:e:\Bhawa\royal-cut-saloon\%LOCALAPPDATA%\npm-cache\_logs\2026-09-02T01_19_27_883Z-
10 verbose logfile e:\Bhawa\royal-cut-saloon\%LOCALAPPDATA%\npm-cache\_logs\2026-09-02T01_19_27_883Z-debug-0.log
10 verbose logfile e:\Bhawa\royal-cut-saloon\%LOCALAPPDATA%\npm-cache\_logs\2026-09-02T01_19_27_883Z-debug-0.log
9 verbose logfile logs-max:10 dir:e:\Bhawa\royal-cut-saloon\%LOCALAPPDATA%\npm-cache\_logs\2026-09-02T01_19_27_883Z-
9 verbose logfile logs-max:10 dir:e:\Bhawa\royal-cut-saloon\%LOCALAPPDATA%\npm-cache\_logs\2026-09-02T01_19_27_883Z-
7 verbose title npm view @types/canvas-confetti description dist-tags.latest homepage version time
10 verbose logfile e:\Bhawa\royal-cut-saloon\%LOCALAPPDATA%\npm-cache\_logs\2026-09-02T01_19_27_883Z-debug-0.log
10 verbose logfile e:\Bhawa\royal-cut-saloon\%LOCALAPPDATA%\npm-cache\_logs\2026-09-02T01_19_27_883Z-debug-0.log
8 verbose argv "view" "--json" "--" "@types/canvas-confetti" "description" "dist-tags.latest" "homepage" "version" "time"
9 verbose logfile logs-max:10 dir:e:\Bhawa\royal-cut-saloon\%LOCALAPPDATA%\npm-cache\_logs\2026-09-02T01_19_27_883Z-
7 verbose title npm ls @vitejs/plugin-react
10 verbose logfile e:\Bhawa\royal-cut-saloon\%LOCALAPPDATA%\npm-cache\_logs\2026-09-02T01_19_27_883Z-debug-0.log
8 verbose argv "ls" "--json" "--depth" "0" "--" "@vitejs/plugin-react"
9 verbose logfile logs-max:10 dir:e:\Bhawa\royal-cut-saloon\%LOCALAPPDATA%\npm-cache\_logs\2026-09-02T01_19_27_883Z-
10 verbose logfile e:\Bhawa\royal-cut-saloon\%LOCALAPPDATA%\npm-cache\_logs\2026-09-02T01_19_27_883Z-debug-0.log
11 silly logfile done cleaning log files
11 silly logfile done cleaning log files
11 silly logfile done cleaning log files
11 silly logfile done cleaning log files
11 silly logfile done cleaning log files
11 silly logfile done cleaning log files
12 http fetch GET 200 https://registry.npmjs.org/@types%2fcanvas-confetti 679ms (cache miss)
12 http fetch GET 200 https://registry.npmjs.org/@types%2fcanvas-confetti 694ms (cache miss)
13 verbose cwd e:\Bhawa\royal-cut-saloon
12 http fetch GET 200 https://registry.npmjs.org/@vitejs%2fplugin-react 700ms (cache miss)
14 verbose os Windows_NT 10.0.26200
15 verbose node v24.17.0
16 verbose npm  v12.0.2
17 verbose exit 0
18 info ok
13 verbose cwd e:\Bhawa\royal-cut-saloon
14 verbose os Windows_NT 10.0.26200
15 verbose node v24.17.0
16 verbose npm  v12.0.2
17 verbose exit 0
18 info ok
13 verbose cwd e:\Bhawa\royal-cut-saloon
14 verbose os Windows_NT 10.0.26200
15 verbose node v24.17.0
16 verbose npm  v12.0.2
17 verbose exit 0
18 info ok
12 silly packumentCache heap:2348810240 maxSize:587202560 maxEntrySize:293601280
12 silly packumentCache heap:2348810240 maxSize:587202560 maxEntrySize:293601280
12 silly packumentCache heap:2348810240 maxSize:587202560 maxEntrySize:293601280
13 verbose cwd e:\Bhawa\royal-cut-saloon
14 verbose os Windows_NT 10.0.26200
15 verbose node v24.17.0
16 verbose npm  v12.0.2
13 verbose cwd e:\Bhawa\royal-cut-saloon
17 verbose exit 1
14 verbose os Windows_NT 10.0.26200
18 verbose code 1
15 verbose node v24.17.0
16 verbose npm  v12.0.2
17 verbose exit 1
18 verbose code 1
13 verbose cwd e:\Bhawa\royal-cut-saloon
14 verbose os Windows_NT 10.0.26200
15 verbose node v24.17.0
16 verbose npm  v12.0.2
17 verbose exit 1
18 verbose code 1
